// Jest Snapshot v1, https://goo.gl/fbAQLP

exports[`renders the activities view 1`] = `
<div>
  <div
    data-testid="activities"
  >
    <a
      class="govuk-back-link lbh-back-link lbh-link--no-visited-state"
      href="/undefined/undefined"
    >
       
    </a>
    <h1
      class="lbh-heading-h1"
    >
      Activity history
    </h1>
    <h2
      class="lbh-heading-h2"
    >
       
    </h2>
    <table
      class="govuk-table lbh-table"
    >
      <thead
        class="govuk-table__head"
      >
        <tr
          class="govuk-table__row"
        >
          <th
            class="govuk-table__cell govuk-table__header"
          >
            date
          </th>
          <th
            class="govuk-table__cell govuk-table__header"
          >
            category
          </th>
          <th
            class="govuk-table__cell govuk-table__header"
          >
            edit details
          </th>
          <th
            class="govuk-table__cell govuk-table__header"
          >
            edited by
          </th>
        </tr>
      </thead>
      <tbody
        class="govuk-table__body"
      >
        <tr
          class="govuk-table__row govuk-table__row mtfh-activity-history"
        >
          <td
            class="govuk-table__cell"
          >
            <div>
              <p>
                19.09.19
              </p>
              <p>
                03:12
              </p>
            </div>
          </td>
          <td
            class="govuk-table__cell"
          >
            Edit to:
             
            person
          </td>
          <td
            class="govuk-table__cell"
          >
            <div>
              <p>
                <b>
                  Last name
                </b>
              </p>
              <p>
                Removed:
                 
                <b>
                  Baker
                </b>
              </p>
            </div>
          </td>
          <th
            class="govuk-table__cell govuk-table__header"
          >
            Paul Fox
          </th>
        </tr>
        <tr
          class="govuk-table__row govuk-table__row mtfh-activity-history"
        >
          <td
            class="govuk-table__cell"
          >
            <div>
              <p>
                19.09.19
              </p>
              <p>
                03:12
              </p>
            </div>
          </td>
          <td
            class="govuk-table__cell"
          >
            Edit to:
             
            person
          </td>
          <td
            class="govuk-table__cell"
          >
            <div>
              <p>
                <b>
                  First name
                </b>
              </p>
              <p>
                Added:
                 
                <b>
                  Susanna
                </b>
              </p>
            </div>
          </td>
          <th
            class="govuk-table__cell govuk-table__header"
          >
            Paul Fox
          </th>
        </tr>
        <tr
          class="govuk-table__row govuk-table__row mtfh-activity-history"
        >
          <td
            class="govuk-table__cell"
          >
            <div>
              <p>
                19.02.21
              </p>
              <p>
                03:12
              </p>
            </div>
          </td>
          <td
            class="govuk-table__cell"
          >
            Edit to:
             
            person
          </td>
          <td
            class="govuk-table__cell"
          >
            <div>
              <p>
                <b>
                  Title
                </b>
              </p>
              <p>
                Previously:
                 
                <b>
                  Ms
                </b>
              </p>
              <p>
                Changed to:
                 
                <b>
                  Mrs
                </b>
              </p>
            </div>
            <div>
              <p>
                <b>
                  Preferred Last name
                </b>
              </p>
              <p>
                Previously:
                 
                <b>
                  Baker
                </b>
              </p>
              <p>
                Changed to:
                 
                <b>
                  Georgia
                </b>
              </p>
            </div>
          </td>
          <th
            class="govuk-table__cell govuk-table__header"
          >
            Mary Smith
          </th>
        </tr>
      </tbody>
    </table>
    <a
      class="govuk-button lbh-button govuk-secondary lbh-button--secondary"
      href="/undefined/undefined"
    >
      Close activity history
    </a>
  </div>
</div>
`;
